// Jest Snapshot v1, https://goo.gl/fbAQLP

exports[`App Component Debe hacer match con el Snapshot 1`] = `<pokemon-page-stub></pokemon-page-stub>`;
